Microchip MPLAB XC8 Compiler V2.41

Linker command line:

-W-3 \
  --edf=C:\Program Files\Microchip\xc8\v2.41\pic\dat\20230208172133_en.msgs \
  -cn -h+dist/default/production\PIC_23.X.production.sym \
  --cmf=dist/default/production\PIC_23.X.production.cmf -z -Q18F4620 \
  -oC:\Users\Dell\AppData\Local\Temp\xcBs824.1\driver_tmp_3.o \
  --defsym=__MPLAB_BUILD=1 --fixupoverflow=error \
  -Mdist/default/production/PIC_23.X.production.map \
  --md=C:\Users\Dell\AppData\Local\Temp\xcBs824.1\driver_tmp_0.dat -E1 \
  -ver=XC8 Compiler --acfsm=1493 -ACODE=00h-0FFFFh -ACONST=00h-0FFFFh \
  -ASMALLCONST=01000h-010FFhx240 -AMEDIUMCONST=01000h-0FFFFh \
  -ACOMRAM=01h-07Fh -AABS1=00h-0F7Fh -ABIGRAM=01h-0F7Fh \
  -ARAM=080h-0FFh,0100h-01FFhx14,0F00h-0F7Fh -ABANK0=080h-0FFh \
  -ABANK1=0100h-01FFh -ABANK2=0200h-02FFh -ABANK3=0300h-03FFh \
  -ABANK4=0400h-04FFh -ABANK5=0500h-05FFh -ABANK6=0600h-06FFh \
  -ABANK7=0700h-07FFh -ABANK8=0800h-08FFh -ABANK9=0900h-09FFh \
  -ABANK10=0A00h-0AFFh -ABANK11=0B00h-0BFFh -ABANK12=0C00h-0CFFh \
  -ABANK13=0D00h-0DFFh -ABANK14=0E00h-0EFFh -ABANK15=0F00h-0F7Fh \
  -ASFR=0F80h-0FFFh -ABIGSFR=0F80h-0FFFh -ACONFIG=0300000h-030000Dh \
  -AIDLOC=0200000h-0200007h -AEEDATA=0F00000h-0F003FFh -peeprom_data=EEDATA \
  -preset_vec=00h,intcode=08h,intcodelo,powerup,init -pramtop=01000h \
  -psmallconst=SMALLCONST -pmediumconst=MEDIUMCONST -pconst=CONST \
  -AFARRAM=00h-00h \
  -prdata=COMRAM,nvrram=COMRAM,nvbit=COMRAM,rbss=COMRAM,rbit=COMRAM \
  -pfarbss=FARRAM,fardata=FARRAM,nvFARRAM=FARRAM \
  -pintsave_regs=BIGRAM,bigbss=BIGRAM,bigdata=BIGRAM -pbss=RAM \
  -pidata=CODE,irdata=CODE,ibigdata=CODE,ifardata=CODE -prparam=COMRAM \
  C:\Users\Dell\AppData\Local\Temp\xcBs824.1\driver_tmp_14.o \
  dist/default/production\PIC_23.X.production.o 

Object code version is 3.11

Machine type is 18F4620



                Name                               Link     Load   Length Selector   Space Scale
C:\Users\Dell\AppData\Local\Temp\xcBs824.1\driver_tmp_14.o
                idloc                            200000   200000        8        0       5
                config                           300000   300000        E        0       4
                init                                  E        E        4        4       0
                reset_vec                             0        0        4        0       0
dist/default/production\PIC_23.X.production.o
                intcode                               8        8        6        4       0
                idloc                            200000   200000        8        0       5
                config                           300000   300000        E        0       4
                temp                                 7E       7E        1        1       1
                mediumconst                        FECE     FECE      132     7F67       0
                text85                             8238     8238       32        4       0
                text84                             834C     834C       16        4       0
                text83                             8120     8120       3E        4       0
                text82                             8330     8330       1C        4       0
                text81                             826A     826A       30        4       0
                text80                             7A12     7A12       6C        4       0
                text79                             5BA6     5BA6      1B4        4       0
                text78                             7F98     7F98       44        4       0
                text77                             7212     7212       C4        4       0
                text76                             7438     7438       B0        4       0
                text75                             80E0     80E0       40        4       0
                text74                             8386     8386        2     41BD       0
                text73                             6FBC     6FBC       CA        4       0
                text72                             7F54     7F54       44        4       0
                text71                             74E8     74E8       AE        4       0
                text70                             6228     6228      196        4       0
                text69                             522C     522C      39A        4       0
                text68                             7642     7642       AA        4       0
                text67                             6966     6966      104        4       0
                text66                             421E     421E      42A        4       0
                text65                             8198     8198       38        4       0
                text64                             3932     3932      4C0        4       0
                text63                             7F0E     7F0E       46        4       0
                text62                             6860     6860      106        4       0
                text61                             6B6A     6B6A       FE        4       0
                text60                             57DC     57DC      212        4       0
                text59                             7AE6     7AE6       66        4       0
                text58                             7DE4     7DE4       50        4       0
                text57                             80A0     80A0       40        4       0
                text56                             2AA0     2AA0      9D0        4       0
                text55                             82E8     82E8       26        4       0
                text54                             714C     714C       C6        4       0
                text53                             7D94     7D94       50        4       0
                text52                             6092     6092      196        4       0
                text51                             6D48     6D48       DE        4       0
                text50                             4A6E     4A6E      422        4       0
                text49                             7CA2     7CA2       52        4       0
                text48                             7D44     7D44       50        4       0
                text47                               12       12     168C        4       0
                text46                             837A     837A        A     41BD       0
                text45                             63BE     63BE      186        4       0
                intcode_body                       76EC     76EC       A6        4       0
                text43                             8362     8362        C        4       0
                text42                             81D0     81D0       36        4       0
                text41                             8060     8060       40        4       0
                text40                             82C2     82C2       26        4       0
                text39                             7B4C     7B4C       5E        4       0
                text38                             7924     7924       78        4       0
                text37                             799C     799C       76        4       0
                text36                             781E     781E       84        4       0
                text35                             8206     8206       32        4       0
                text34                             4E90     4E90      39C        4       0
                text33                             829A     829A       28        4       0
                text32                             59EE     59EE      1B8        4       0
                text31                             7E34     7E34       4A        4       0
                text30                             7792     7792       8C        4       0
                text29                             830E     830E       22        4       0
                text28                             7086     7086       C6        4       0
                text27                             72D6     72D6       B2        4       0
                text26                             801E     801E       42        4       0
                text25                             8384     8384        2     41BD       0
                text24                             6E26     6E26       CC        4       0
                text23                             7EC6     7EC6       48        4       0
                text22                             7388     7388       B0        4       0
                text21                             5EF8     5EF8      19A        4       0
                text20                             7596     7596       AC        4       0
                text19                             675A     675A      106        4       0
                text18                             3DF2     3DF2      42C        4       0
                text17                             815E     815E       3A        4       0
                text16                             3470     3470      4C2        4       0
                text15                             7E7E     7E7E       48        4       0
                text14                             6652     6652      108        4       0
                text13                             6A6A     6A6A      100        4       0
                text12                             55C6     55C6      216        4       0
                text11                             7A7E     7A7E       68        4       0
                text10                             7C50     7C50       52        4       0
                text9                              7FDC     7FDC       42        4       0
                text8                              20A0     20A0      A00        4       0
                text7                              6EF2     6EF2       CA        4       0
                text6                              7BAA     7BAA       54        4       0
                text5                              5D5A     5D5A      19E        4       0
                text4                              6C68     6C68       E0        4       0
                text3                              4648     4648      426        4       0
                text2                              7BFE     7BFE       52        4       0
                text1                              7CF4     7CF4       50        4       0
                text0                              169E     169E      A02        4       0
                cstackCOMRAM                          1        1       7D        1       1
                cstackBANK0                          80       80       53       80       1
                cstackBANK1                         100      100       B1      100       1
                cstackBANK2                         200      200       E8      200       1
                dataBIGRAM                          3B4      3B4      10E      3B4       1
                bssBANK3                            300      300       B4      300       1
                bssBANK2                            2E8      2E8        C      200       1
                dataBANK1                           1BE      1BE        B      100       1
                bssBANK1                            1B1      1B1        D      100       1
                bssBANK0                             D3       D3       25       80       1
                cinit                              78A2     78A2       82        4       0
                idataBANK1                         836E     836E        B        4       0
                idataBIGRAM                        6544     6544      10E        4       0

TOTAL           Name                               Link     Load   Length     Space
        CLASS   CODE           
                intcode                               8        8        6         0
                init                                  E        E        4         0
                reset_vec                             0        0        4         0
                text85                             8238     8238       32         0
                text84                             834C     834C       16         0
                text83                             8120     8120       3E         0
                text82                             8330     8330       1C         0
                text81                             826A     826A       30         0
                text80                             7A12     7A12       6C         0
                text79                             5BA6     5BA6      1B4         0
                text78                             7F98     7F98       44         0
                text77                             7212     7212       C4         0
                text76                             7438     7438       B0         0
                text75                             80E0     80E0       40         0
                text74                             8386     8386        2         0
                text73                             6FBC     6FBC       CA         0
                text72                             7F54     7F54       44         0
                text71                             74E8     74E8       AE         0
                text70                             6228     6228      196         0
                text69                             522C     522C      39A         0
                text68                             7642     7642       AA         0
                text67                             6966     6966      104         0
                text66                             421E     421E      42A         0
                text65                             8198     8198       38         0
                text64                             3932     3932      4C0         0
                text63                             7F0E     7F0E       46         0
                text62                             6860     6860      106         0
                text61                             6B6A     6B6A       FE         0
                text60                             57DC     57DC      212         0
                text59                             7AE6     7AE6       66         0
                text58                             7DE4     7DE4       50         0
                text57                             80A0     80A0       40         0
                text56                             2AA0     2AA0      9D0         0
                text55                             82E8     82E8       26         0
                text54                             714C     714C       C6         0
                text53                             7D94     7D94       50         0
                text52                             6092     6092      196         0
                text51                             6D48     6D48       DE         0
                text50                             4A6E     4A6E      422         0
                text49                             7CA2     7CA2       52         0
                text48                             7D44     7D44       50         0
                text47                               12       12     168C         0
                text46                             837A     837A        A         0
                text45                             63BE     63BE      186         0
                intcode_body                       76EC     76EC       A6         0
                text43                             8362     8362        C         0
                text42                             81D0     81D0       36         0
                text41                             8060     8060       40         0
                text40                             82C2     82C2       26         0
                text39                             7B4C     7B4C       5E         0
                text38                             7924     7924       78         0
                text37                             799C     799C       76         0
                text36                             781E     781E       84         0
                text35                             8206     8206       32         0
                text34                             4E90     4E90      39C         0
                text33                             829A     829A       28         0
                text32                             59EE     59EE      1B8         0
                text31                             7E34     7E34       4A         0
                text30                             7792     7792       8C         0
                text29                             830E     830E       22         0
                text28                             7086     7086       C6         0
                text27                             72D6     72D6       B2         0
                text26                             801E     801E       42         0
                text25                             8384     8384        2         0
                text24                             6E26     6E26       CC         0
                text23                             7EC6     7EC6       48         0
                text22                             7388     7388       B0         0
                text21                             5EF8     5EF8      19A         0
                text20                             7596     7596       AC         0
                text19                             675A     675A      106         0
                text18                             3DF2     3DF2      42C         0
                text17                             815E     815E       3A         0
                text16                             3470     3470      4C2         0
                text15                             7E7E     7E7E       48         0
                text14                             6652     6652      108         0
                text13                             6A6A     6A6A      100         0
                text12                             55C6     55C6      216         0
                text11                             7A7E     7A7E       68         0
                text10                             7C50     7C50       52         0
                text9                              7FDC     7FDC       42         0
                text8                              20A0     20A0      A00         0
                text7                              6EF2     6EF2       CA         0
                text6                              7BAA     7BAA       54         0
                text5                              5D5A     5D5A      19E         0
                text4                              6C68     6C68       E0         0
                text3                              4648     4648      426         0
                text2                              7BFE     7BFE       52         0
                text1                              7CF4     7CF4       50         0
                text0                              169E     169E      A02         0
                cinit                              78A2     78A2       82         0
                idataBANK1                         836E     836E        B         0
                idataBIGRAM                        6544     6544      10E         0

        CLASS   CONST          

        CLASS   SMALLCONST     

        CLASS   MEDIUMCONST    
                mediumconst                        FECE     FECE      132         0

        CLASS   COMRAM         
                temp                                 7E       7E        1         1
                cstackCOMRAM                          1        1       7D         1

        CLASS   ABS1           

        CLASS   BIGRAM         
                dataBIGRAM                          3B4      3B4      10E         1

        CLASS   RAM            

        CLASS   BANK0          
                cstackBANK0                          80       80       53         1
                bssBANK0                             D3       D3       25         1

        CLASS   BANK1          
                cstackBANK1                         100      100       B1         1
                dataBANK1                           1BE      1BE        B         1
                bssBANK1                            1B1      1B1        D         1

        CLASS   BANK2          
                cstackBANK2                         200      200       E8         1
                bssBANK2                            2E8      2E8        C         1

        CLASS   BANK3          
                bssBANK3                            300      300       B4         1

        CLASS   BANK4          

        CLASS   BANK5          

        CLASS   BANK6          

        CLASS   BANK7          

        CLASS   BANK8          

        CLASS   BANK9          

        CLASS   BANK10         

        CLASS   BANK11         

        CLASS   BANK12         

        CLASS   BANK13         

        CLASS   BANK14         

        CLASS   BANK15         

        CLASS   SFR            

        CLASS   BIGSFR         

        CLASS   CONFIG         
                config                           300000   300000        E         4

        CLASS   IDLOC          
                idloc                            200000   200000        8         5

        CLASS   EEDATA         

        CLASS   FARRAM         

        CLASS   HEAP           

        CLASS   STACK          



SEGMENTS        Name                           Load    Length   Top    Selector   Space  Class

                reset_vec                      000000  000004  000004         0       0  CODE    
                cstackCOMRAM                   000001  00007E  00007F         1       1  COMRAM  
                intcode                        000008  008371  008379         4       0  CODE    
                cstackBANK0                    000080  000078  0000F8        80       1  BANK0   
                cstackBANK1                    000100  0000C9  0001C9       100       1  BANK1   
                cstackBANK2                    000200  0000F4  0002F4       200       1  BANK2   
                bssBANK3                       000300  0000B4  0003B4       300       1  BANK3   
                dataBIGRAM                     0003B4  00010E  0004C2       3B4       1  BIGRAM  
                text46                         00837A  00000E  008388      41BD       0  CODE    
                mediumconst                    00FECE  000132  010000      7F67       0  MEDIUMCO


UNUSED ADDRESS RANGES

        Name                Unused          Largest block    Delta
        BANK0            0000F8-0000FF                8
        BANK1            0001C9-0001FF               37
        BANK10           000A00-000AFF              100
        BANK11           000B00-000BFF              100
        BANK12           000C00-000CFF              100
        BANK13           000D00-000DFF              100
        BANK14           000E00-000EFF              100
        BANK15           000F00-000F7F               80
        BANK2            0002F4-0002FF                C
        BANK4            0004C2-0004FF               3E
        BANK5            000500-0005FF              100
        BANK6            000600-0006FF              100
        BANK7            000700-0007FF              100
        BANK8            000800-0008FF              100
        BANK9            000900-0009FF              100
        BIGRAM           00007F-00007F                1
                         0000F8-0000FF                8
                         0001C9-0001FF               37
                         0002F4-0002FF                C
                         0004C2-000F7F              ABE
        BIGSFR           000F80-000FFF               80
        CODE             000004-000007                4
                         008379-008379                1
                         008388-00FECD             7B46
        COMRAM           00007F-00007F                1
        CONST            000004-000007                4
                         008379-008379                1
                         008388-00FECD             7B46
        EEDATA           F00000-F003FF              400
        MEDIUMCONST      008379-008379                1
                         008388-00FECD             7B46
        RAM              0000F8-0000FF                8
                         0001C9-0001FF               37
                         0002F4-0002FF                C
                         0004C2-000F7F              100
        SFR              000F80-000FFF               80
        SMALLCONST       008379-008379                1
                         008388-00FECD              100

                                  Symbol Table

?___awdiv                       cstackBANK1  000100
?___awmod                       cstackBANK1  000100
?___fladd                       cstackBANK1  000100
?___fldiv                       cstackBANK1  000114
?___flmul                       cstackBANK1  000100
?___flneg                       cstackBANK1  000100
?___flsub                       cstackBANK1  000119
?___fltol                       cstackBANK1  000100
?___fpclassifyf                 cstackBANK1  000100
?___wmul                        cstackBANK1  000100
?___xxtofl                      cstackBANK1  000106
?_abs                           cstackBANK1  000106
?_floorf                        cstackBANK1  00012D
?_labs                          cstackBANK1  000100
?_read_adc_raw_no_lib           cstackBANK1  000100
?_read_adc_voltage              cstackBANK1  00012D
?_read_prec_or_width            cstackBANK1  000106
?_sprintf                       cstackBANK1  00018F
?_strcmp                        cstackCOMRAM 000007
?_strlen                        cstackBANK1  000100
?_strncmp                       cstackBANK1  000100
?_vfprintf                      cstackBANK1  000187
?i2___awdiv                     cstackCOMRAM 000001
?i2___awmod                     cstackCOMRAM 000001
?i2___fladd                     cstackCOMRAM 000001
?i2___fldiv                     cstackCOMRAM 00001A
?i2___flmul                     cstackCOMRAM 000001
?i2___flneg                     cstackCOMRAM 000001
?i2___flsub                     cstackCOMRAM 00001A
?i2___fltol                     cstackCOMRAM 000001
?i2___fpclassifyf               cstackCOMRAM 000001
?i2___wmul                      cstackCOMRAM 000001
?i2___xxtofl                    cstackCOMRAM 000008
?i2_abs                         cstackCOMRAM 000007
?i2_floorf                      cstackCOMRAM 000033
?i2_labs                        cstackCOMRAM 000001
?i2_read_adc_raw_no_lib         cstackCOMRAM 000001
?i2_read_prec_or_width          cstackCOMRAM 000007
?i2_sprintf                     cstackBANK0  000097
?i2_strlen                      cstackCOMRAM 000001
?i2_strncmp                     cstackCOMRAM 000001
?i2_vfprintf                    cstackBANK0  00008F
RX_isr@i                        cstackBANK0  0000C5
RX_isr@i_1105                   cstackBANK0  0000C7
_ADCON0                         (abs)        000FC2
_ADCON0bits                     (abs)        000FC2
_ADCON1                         (abs)        000FC1
_ADCON2                         (abs)        000FC0
_ADRESH                         (abs)        000FC4
_ADRESL                         (abs)        000FC3
_BAUDCONbits                    (abs)        000FB8
_EXT_Int1_isr                   text84       00834C
_EXT_Int2_isr                   text83       008120
_INTCON                         (abs)        000FF2
_INTCON2                        (abs)        000FF1
_INTCON2bits                    (abs)        000FF1
_INTCON3                        (abs)        000FF0
_INTCON3bits                    (abs)        000FF0
_INTCONbits                     (abs)        000FF2
_IPR1                           (abs)        000F9F
_IPR2                           (abs)        000FA2
_LCD_INIT_STRING                dataBANK1    0001C5
_PIE1                           (abs)        000F9D
_PIE2                           (abs)        000FA0
_PIR1                           (abs)        000F9E
_PIR1bits                       (abs)        000F9E
_PIR2                           (abs)        000FA1
_PORTBbits                      (abs)        000F81
_PORTC                          (abs)        000F82
_PORTCbits                      (abs)        000F82
_PORTD                          (abs)        000F83
_PORTDbits                      (abs)        000F83
_PORTEbits                      (abs)        000F84
_RCONbits                       (abs)        000FD0
_RCREG                          (abs)        000FAE
_RCSTA                          (abs)        000FAB
_RCSTAbits                      (abs)        000FAB
_RX_isr                         text47       000012
_RX_isr$2580                    cstackBANK0  0000C1
_SPBRG                          (abs)        000FAF
_SPBRGH                         (abs)        000FB0
_T0CON                          (abs)        000FD5
_TMR1H                          (abs)        000FCF
_TMR1L                          (abs)        000FCE
_TRISA                          (abs)        000F92
_TRISB                          (abs)        000F93
_TRISC                          (abs)        000F94
_TRISCbits                      (abs)        000F94
_TRISD                          (abs)        000F95
_TRISE                          (abs)        000F96
_TXREG                          (abs)        000FAD
_TXSTA                          (abs)        000FAC
_TXSTAbits                      (abs)        000FAC
_Timer0_isr                     text45       0063BE
__HRAM                          (abs)        000000
__H__absolute__                 __absolute__ 000000
__Habs1                         abs1         000000
__Hbank0                        bank0        000000
__Hbank1                        bank1        000000
__Hbank10                       bank10       000000
__Hbank11                       bank11       000000
__Hbank12                       bank12       000000
__Hbank13                       bank13       000000
__Hbank14                       bank14       000000
__Hbank15                       bank15       000000
__Hbank2                        bank2        000000
__Hbank3                        bank3        000000
__Hbank4                        bank4        000000
__Hbank5                        bank5        000000
__Hbank6                        bank6        000000
__Hbank7                        bank7        000000
__Hbank8                        bank8        000000
__Hbank9                        bank9        000000
__Hbigbss                       bigbss       000000
__Hbigdata                      bigdata      000000
__Hbigram                       bigram       000000
__Hbigsfr                       bigsfr       000000
__Hbss                          bss          000000
__HbssBANK0                     bssBANK0     000000
__HbssBANK1                     bssBANK1     000000
__HbssBANK2                     bssBANK2     000000
__HbssBANK3                     bssBANK3     000000
__Hcinit                        cinit        000000
__Hclrtext                      clrtext      000000
__Hcomram                       comram       000000
__Hconfig                       config       30000E
__Hconst                        const        000000
__HcstackBANK0                  cstackBANK0  000000
__HcstackBANK1                  cstackBANK1  000000
__HcstackBANK2                  cstackBANK2  000000
__HcstackCOMRAM                 cstackCOMRAM 000000
__Hdata                         data         000000
__HdataBANK1                    dataBANK1    000000
__HdataBIGRAM                   dataBIGRAM   000000
__Heeprom_data                  eeprom_data  000000
__Hfarbss                       farbss       000000
__Hfardata                      fardata      000000
__Hheap                         heap         000000
__Hibigdata                     ibigdata     000000
__Hidata                        idata        000000
__HidataBANK1                   idataBANK1   000000
__HidataBIGRAM                  idataBIGRAM  000000
__Hidloc                        idloc        200008
__Hifardata                     ifardata     000000
__Hinit                         init         000012
__Hintcode                      intcode      00000E
__Hintcode_body                 intcode_body 000000
__Hintcodelo                    intcodelo    00000E
__Hintentry                     intentry     000000
__Hintret                       intret       000000
__Hintsave_regs                 intsave_regs 000000
__Hirdata                       irdata       000000
__Hmediumconst                  mediumconst  010000
__HnvFARRAM                     nvFARRAM     000000
__Hnvbit                        nvbit        000000
__Hnvrram                       nvrram       000000
__Hparam                        rparam       000000
__Hpowerup                      powerup      00000E
__Hram                          ram          000000
__Hramtop                       ramtop       001000
__Hrbit                         rbit         000000
__Hrbss                         rbss         000000
__Hrdata                        rdata        000000
__Hreset_vec                    reset_vec    000004
__Hrparam                       rparam       000000
__Hsfr                          sfr          000000
__Hsmallconst                   smallconst   000000
__Hspace_0                      (abs)        010000
__Hspace_1                      (abs)        0004C2
__Hspace_2                      (abs)        000000
__Hspace_4                      (abs)        60000E
__Hstack                        stack        000000
__Hstruct                       struct       000000
__Htemp                         temp         00007F
__Htext                         text         000000
__Htext0                        text0        000000
__Htext1                        text1        000000
__Htext10                       text10       000000
__Htext11                       text11       000000
__Htext12                       text12       000000
__Htext13                       text13       000000
__Htext14                       text14       000000
__Htext15                       text15       000000
__Htext16                       text16       000000
__Htext17                       text17       000000
__Htext18                       text18       000000
__Htext19                       text19       000000
__Htext2                        text2        000000
__Htext20                       text20       000000
__Htext21                       text21       000000
__Htext22                       text22       000000
__Htext23                       text23       000000
__Htext24                       text24       000000
__Htext25                       text25       000000
__Htext26                       text26       000000
__Htext27                       text27       000000
__Htext28                       text28       000000
__Htext29                       text29       000000
__Htext3                        text3        000000
__Htext30                       text30       000000
__Htext31                       text31       000000
__Htext32                       text32       000000
__Htext33                       text33       000000
__Htext34                       text34       000000
__Htext35                       text35       000000
__Htext36                       text36       000000
__Htext37                       text37       000000
__Htext38                       text38       000000
__Htext39                       text39       000000
__Htext4                        text4        000000
__Htext40                       text40       000000
__Htext41                       text41       000000
__Htext42                       text42       000000
__Htext43                       text43       000000
__Htext45                       text45       000000
__Htext46                       text46       000000
__Htext47                       text47       000000
__Htext48                       text48       000000
__Htext49                       text49       000000
__Htext5                        text5        000000
__Htext50                       text50       000000
__Htext51                       text51       000000
__Htext52                       text52       000000
__Htext53                       text53       000000
__Htext54                       text54       000000
__Htext55                       text55       000000
__Htext56                       text56       000000
__Htext57                       text57       000000
__Htext58                       text58       000000
__Htext59                       text59       000000
__Htext6                        text6        000000
__Htext60                       text60       000000
__Htext61                       text61       000000
__Htext62                       text62       000000
__Htext63                       text63       000000
__Htext64                       text64       000000
__Htext65                       text65       000000
__Htext66                       text66       000000
__Htext67                       text67       000000
__Htext68                       text68       000000
__Htext69                       text69       000000
__Htext7                        text7        000000
__Htext70                       text70       000000
__Htext71                       text71       000000
__Htext72                       text72       000000
__Htext73                       text73       000000
__Htext74                       text74       000000
__Htext75                       text75       000000
__Htext76                       text76       000000
__Htext77                       text77       000000
__Htext78                       text78       000000
__Htext79                       text79       000000
__Htext8                        text8        000000
__Htext80                       text80       000000
__Htext81                       text81       000000
__Htext82                       text82       000000
__Htext83                       text83       000000
__Htext84                       text84       000000
__Htext85                       text85       000000
__Htext9                        text9        000000
__LRAM                          (abs)        000001
__L__absolute__                 __absolute__ 000000
__Labs1                         abs1         000000
__Lbank0                        bank0        000000
__Lbank1                        bank1        000000
__Lbank10                       bank10       000000
__Lbank11                       bank11       000000
__Lbank12                       bank12       000000
__Lbank13                       bank13       000000
__Lbank14                       bank14       000000
__Lbank15                       bank15       000000
__Lbank2                        bank2        000000
__Lbank3                        bank3        000000
__Lbank4                        bank4        000000
__Lbank5                        bank5        000000
__Lbank6                        bank6        000000
__Lbank7                        bank7        000000
__Lbank8                        bank8        000000
__Lbank9                        bank9        000000
__Lbigbss                       bigbss       000000
__Lbigdata                      bigdata      000000
__Lbigram                       bigram       000000
__Lbigsfr                       bigsfr       000000
__Lbss                          bss          000000
__LbssBANK0                     bssBANK0     000000
__LbssBANK1                     bssBANK1     000000
__LbssBANK2                     bssBANK2     000000
__LbssBANK3                     bssBANK3     000000
__Lcinit                        cinit        000000
__Lclrtext                      clrtext      000000
__Lcomram                       comram       000000
__Lconfig                       config       000000
__Lconst                        const        000000
__LcstackBANK0                  cstackBANK0  000000
__LcstackBANK1                  cstackBANK1  000000
__LcstackBANK2                  cstackBANK2  000000
__LcstackCOMRAM                 cstackCOMRAM 000000
__Ldata                         data         000000
__LdataBANK1                    dataBANK1    000000
__LdataBIGRAM                   dataBIGRAM   000000
__Leeprom_data                  eeprom_data  000000
__Lfarbss                       farbss       000000
__Lfardata                      fardata      000000
__Lheap                         heap         000000
__Libigdata                     ibigdata     000000
__Lidata                        idata        000000
__LidataBANK1                   idataBANK1   000000
__LidataBIGRAM                  idataBIGRAM  000000
__Lidloc                        idloc        000000
__Lifardata                     ifardata     000000
__Linit                         init         00000E
__Lintcode                      intcode      000008
__Lintcode_body                 intcode_body 000000
__Lintcodelo                    intcodelo    00000E
__Lintentry                     intentry     000000
__Lintret                       intret       000000
__Lintsave_regs                 intsave_regs 000000
__Lirdata                       irdata       000000
__Lmediumconst                  mediumconst  00FECE
__LnvFARRAM                     nvFARRAM     000000
__Lnvbit                        nvbit        000000
__Lnvrram                       nvrram       000000
__Lparam                        rparam       000000
__Lpowerup                      powerup      00000E
__Lram                          ram          000000
__Lramtop                       ramtop       001000
__Lrbit                         rbit         000000
__Lrbss                         rbss         000000
__Lrdata                        rdata        000000
__Lreset_vec                    reset_vec    000000
__Lrparam                       rparam       000000
__Lsfr                          sfr          000000
__Lsmallconst                   smallconst   000000
__Lspace_0                      (abs)        000000
__Lspace_1                      (abs)        000000
__Lspace_2                      (abs)        000000
__Lspace_4                      (abs)        000000
__Lstack                        stack        000000
__Lstruct                       struct       000000
__Ltemp                         temp         00007E
__Ltext                         text         000000
__Ltext0                        text0        000000
__Ltext1                        text1        000000
__Ltext10                       text10       000000
__Ltext11                       text11       000000
__Ltext12                       text12       000000
__Ltext13                       text13       000000
__Ltext14                       text14       000000
__Ltext15                       text15       000000
__Ltext16                       text16       000000
__Ltext17                       text17       000000
__Ltext18                       text18       000000
__Ltext19                       text19       000000
__Ltext2                        text2        000000
__Ltext20                       text20       000000
__Ltext21                       text21       000000
__Ltext22                       text22       000000
__Ltext23                       text23       000000
__Ltext24                       text24       000000
__Ltext25                       text25       000000
__Ltext26                       text26       000000
__Ltext27                       text27       000000
__Ltext28                       text28       000000
__Ltext29                       text29       000000
__Ltext3                        text3        000000
__Ltext30                       text30       000000
__Ltext31                       text31       000000
__Ltext32                       text32       000000
__Ltext33                       text33       000000
__Ltext34                       text34       000000
__Ltext35                       text35       000000
__Ltext36                       text36       000000
__Ltext37                       text37       000000
__Ltext38                       text38       000000
__Ltext39                       text39       000000
__Ltext4                        text4        000000
__Ltext40                       text40       000000
__Ltext41                       text41       000000
__Ltext42                       text42       000000
__Ltext43                       text43       000000
__Ltext45                       text45       000000
__Ltext46                       text46       000000
__Ltext47                       text47       000000
__Ltext48                       text48       000000
__Ltext49                       text49       000000
__Ltext5                        text5        000000
__Ltext50                       text50       000000
__Ltext51                       text51       000000
__Ltext52                       text52       000000
__Ltext53                       text53       000000
__Ltext54                       text54       000000
__Ltext55                       text55       000000
__Ltext56                       text56       000000
__Ltext57                       text57       000000
__Ltext58                       text58       000000
__Ltext59                       text59       000000
__Ltext6                        text6        000000
__Ltext60                       text60       000000
__Ltext61                       text61       000000
__Ltext62                       text62       000000
__Ltext63                       text63       000000
__Ltext64                       text64       000000
__Ltext65                       text65       000000
__Ltext66                       text66       000000
__Ltext67                       text67       000000
__Ltext68                       text68       000000
__Ltext69                       text69       000000
__Ltext7                        text7        000000
__Ltext70                       text70       000000
__Ltext71                       text71       000000
__Ltext72                       text72       000000
__Ltext73                       text73       000000
__Ltext74                       text74       000000
__Ltext75                       text75       000000
__Ltext76                       text76       000000
__Ltext77                       text77       000000
__Ltext78                       text78       000000
__Ltext79                       text79       000000
__Ltext8                        text8        000000
__Ltext80                       text80       000000
__Ltext81                       text81       000000
__Ltext82                       text82       000000
__Ltext83                       text83       000000
__Ltext84                       text84       000000
__Ltext85                       text85       000000
__Ltext9                        text9        000000
__S0                            (abs)        010000
__S1                            (abs)        0004C2
__S4                            (abs)        000000
__S5                            (abs)        000000
___awdiv                        text28       007086
___awdiv@counter                cstackBANK1  000104
___awdiv@dividend               cstackBANK1  000100
___awdiv@divisor                cstackBANK1  000102
___awdiv@quotient               cstackBANK1  000106
___awdiv@sign                   cstackBANK1  000105
___awmod                        text27       0072D6
___awmod@counter                cstackBANK1  000104
___awmod@dividend               cstackBANK1  000100
___awmod@divisor                cstackBANK1  000102
___awmod@sign                   cstackBANK1  000105
___fladd                        text16       003470
___fladd@a                      cstackBANK1  000104
___fladd@aexp                   cstackBANK1  00010D
___fladd@b                      cstackBANK1  000100
___fladd@bexp                   cstackBANK1  00010E
___fladd@grs                    cstackBANK1  00010F
___fladd@signs                  cstackBANK1  00010C
___fldiv                        text34       004E90
___fldiv@a                      cstackBANK1  000118
___fldiv@aexp                   cstackBANK1  00012C
___fldiv@b                      cstackBANK1  000114
___fldiv@bexp                   cstackBANK1  00012B
___fldiv@grs                    cstackBANK1  000127
___fldiv@new_exp                cstackBANK1  000125
___fldiv@rem                    cstackBANK1  000120
___fldiv@sign                   cstackBANK1  000124
___fleq                         text20       007596
___fleq@ff1                     cstackBANK1  000100
___fleq@ff2                     cstackBANK1  000104
___flge                         text19       00675A
___flge@ff1                     cstackBANK1  000119
___flge@ff2                     cstackBANK1  00011D
___flmul                        text18       003DF2
___flmul@a                      cstackBANK1  000104
___flmul@aexp                   cstackBANK1  000111
___flmul@b                      cstackBANK1  000100
___flmul@bexp                   cstackBANK1  000112
___flmul@grs                    cstackBANK1  00010D
___flmul@prod                   cstackBANK1  000113
___flmul@sign                   cstackBANK1  00010C
___flmul@temp                   cstackBANK1  000117
___flneg                        text17       00815E
___flneg@f1                     cstackBANK1  000100
___flsub                        text15       007E7E
___flsub@a                      cstackBANK1  00011D
___flsub@b                      cstackBANK1  000119
___fltol                        text14       006652
___fltol@exp1                   cstackBANK1  000109
___fltol@f1                     cstackBANK1  000100
___fltol@sign1                  cstackBANK1  000108
___fpclassifyf                  text13       006A6A
___fpclassifyf@F465             bssBANK1     0001B5
___fpclassifyf@e                cstackBANK1  000108
___fpclassifyf@u                cstackBANK1  00010A
___fpclassifyf@x                cstackBANK1  000100
___heap_hi                      (abs)        000000
___heap_lo                      (abs)        000000
___inthi_sp                     stack        000000
___intlo_sp                     stack        000000
___param_bank                   (abs)        000000
___rparam_used                  (abs)        000001
___sp                           stack        000000
___wmul                         text33       00829A
___wmul@multiplicand            cstackBANK1  000102
___wmul@multiplier              cstackBANK1  000100
___wmul@product                 cstackBANK1  000104
___xxtofl                       text32       0059EE
___xxtofl@arg                   cstackBANK1  000110
___xxtofl@exp                   cstackBANK1  00010F
___xxtofl@sign                  cstackBANK1  00010E
___xxtofl@val                   cstackBANK1  000106
__accesstop                     (abs)        000080
__activetblptr                  (abs)        000002
__end_of_EXT_Int1_isr           text84       008362
__end_of_EXT_Int2_isr           text83       00815E
__end_of_RX_isr                 text47       00169E
__end_of_Timer0_isr             text45       006544
__end_of___awdiv                text28       00714C
__end_of___awmod                text27       007388
__end_of___fladd                text16       003932
__end_of___fldiv                text34       00522C
__end_of___fleq                 text20       007642
__end_of___flge                 text19       006860
__end_of___flmul                text18       00421E
__end_of___flneg                text17       008198
__end_of___flsub                text15       007EC6
__end_of___fltol                text14       00675A
__end_of___fpclassifyf          text13       006B6A
__end_of___wmul                 text33       0082C2
__end_of___xxtofl               text32       005BA6
__end_of__initialization        cinit        007916
__end_of_abs                    text26       008060
__end_of_delay_cycles           text41       0080A0
__end_of_delay_ms               text42       008206
__end_of_dtoa                   text21       006092
__end_of_efgtoa                 text8        002AA0
__end_of_floorf                 text12       0057DC
__end_of_fputc                  text24       006EF2
__end_of_fputs                  text23       007F0E
__end_of_highIsr                intcode_body 007792
__end_of_init_adc_no_lib        text43       00836E
__end_of_labs                   text11       007AE6
__end_of_lcd_gotoxy             text37       007A12
__end_of_lcd_init               text38       00799C
__end_of_lcd_putc               text36       0078A2
__end_of_lcd_puts               text35       008238
__end_of_lcd_send_byte          text39       007BAA
__end_of_lcd_send_nibble        text40       0082E8
__end_of_main                   text0        0020A0
__end_of_memcpy                 text10       007CA2
__end_of_pad                    text22       007438
__end_of_putch                  text25       008386
__end_of_read_adc_raw_no_lib    text31       007E7E
__end_of_read_adc_voltage       text30       00781E
__end_of_read_prec_or_width     text7        006FBC
__end_of_reloadTimer0           text46       008384
__end_of_send_byte_no_lib       text82       00834C
__end_of_send_string_no_lib     text81       00829A
__end_of_setup0                 mediumconst  00FED1
__end_of_setupPorts             text29       008330
__end_of_sprintf                text1        007D44
__end_of_stoa                   text5        005EF8
__end_of_strcmp                 text80       007A7E
__end_of_strcpy                 text9        00801E
__end_of_strlen                 text6        007BFE
__end_of_strncmp                text4        006D48
__end_of_vfpfcnvrt              text3        004A6E
__end_of_vfprintf               text2        007C50
__end_ofi2___awdiv              text77       0072D6
__end_ofi2___awmod              text76       0074E8
__end_ofi2___fladd              text64       003DF2
__end_ofi2___fldiv              text69       0055C6
__end_ofi2___fleq               text68       0076EC
__end_ofi2___flge               text67       006A6A
__end_ofi2___flmul              text66       004648
__end_ofi2___flneg              text65       0081D0
__end_ofi2___flsub              text63       007F54
__end_ofi2___fltol              text62       006966
__end_ofi2___fpclassifyf        text61       006C68
__end_ofi2___wmul               text55       00830E
__end_ofi2___xxtofl             text79       005D5A
__end_ofi2_abs                  text75       008120
__end_ofi2_delay_ms             text85       00826A
__end_ofi2_dtoa                 text70       0063BE
__end_ofi2_efgtoa               text56       003470
__end_ofi2_floorf               text60       0059EE
__end_ofi2_fputc                text73       007086
__end_ofi2_fputs                text72       007F98
__end_ofi2_labs                 text59       007B4C
__end_ofi2_memcpy               text58       007E34
__end_ofi2_pad                  text71       007596
__end_ofi2_putch                text74       008388
__end_ofi2_read_adc_raw_no_lib  text78       007FDC
__end_ofi2_read_prec_or_width   text54       007212
__end_ofi2_sprintf              text48       007D94
__end_ofi2_stoa                 text52       006228
__end_ofi2_strcpy               text57       0080E0
__end_ofi2_strlen               text53       007DE4
__end_ofi2_strncmp              text51       006E26
__end_ofi2_vfpfcnvrt            text50       004E90
__end_ofi2_vfprintf             text49       007CF4
__initialization                cinit        0078A2
__mediumconst                   mediumconst  00FECE
__pbssBANK0                     bssBANK0     0000D3
__pbssBANK1                     bssBANK1     0001B1
__pbssBANK2                     bssBANK2     0002E8
__pbssBANK3                     bssBANK3     000300
__pcinit                        cinit        0078A2
__pcstackBANK0                  cstackBANK0  000080
__pcstackBANK1                  cstackBANK1  000100
__pcstackBANK2                  cstackBANK2  000200
__pcstackCOMRAM                 cstackCOMRAM 000001
__pdataBANK1                    dataBANK1    0001BE
__pdataBIGRAM                   dataBIGRAM   0003B4
__pidataBANK1                   idataBANK1   00836E
__pidataBIGRAM                  idataBIGRAM  006544
__pintcode                      intcode      000008
__pintcode_body                 intcode_body 0076EC
__pmediumconst                  mediumconst  00FECE
__ptext0                        text0        00169E
__ptext1                        text1        007CF4
__ptext10                       text10       007C50
__ptext11                       text11       007A7E
__ptext12                       text12       0055C6
__ptext13                       text13       006A6A
__ptext14                       text14       006652
__ptext15                       text15       007E7E
__ptext16                       text16       003470
__ptext17                       text17       00815E
__ptext18                       text18       003DF2
__ptext19                       text19       00675A
__ptext2                        text2        007BFE
__ptext20                       text20       007596
__ptext21                       text21       005EF8
__ptext22                       text22       007388
__ptext23                       text23       007EC6
__ptext24                       text24       006E26
__ptext25                       text25       008384
__ptext26                       text26       00801E
__ptext27                       text27       0072D6
__ptext28                       text28       007086
__ptext29                       text29       00830E
__ptext3                        text3        004648
__ptext30                       text30       007792
__ptext31                       text31       007E34
__ptext32                       text32       0059EE
__ptext33                       text33       00829A
__ptext34                       text34       004E90
__ptext35                       text35       008206
__ptext36                       text36       00781E
__ptext37                       text37       00799C
__ptext38                       text38       007924
__ptext39                       text39       007B4C
__ptext4                        text4        006C68
__ptext40                       text40       0082C2
__ptext41                       text41       008060
__ptext42                       text42       0081D0
__ptext43                       text43       008362
__ptext45                       text45       0063BE
__ptext46                       text46       00837A
__ptext47                       text47       000012
__ptext48                       text48       007D44
__ptext49                       text49       007CA2
__ptext5                        text5        005D5A
__ptext50                       text50       004A6E
__ptext51                       text51       006D48
__ptext52                       text52       006092
__ptext53                       text53       007D94
__ptext54                       text54       00714C
__ptext55                       text55       0082E8
__ptext56                       text56       002AA0
__ptext57                       text57       0080A0
__ptext58                       text58       007DE4
__ptext59                       text59       007AE6
__ptext6                        text6        007BAA
__ptext60                       text60       0057DC
__ptext61                       text61       006B6A
__ptext62                       text62       006860
__ptext63                       text63       007F0E
__ptext64                       text64       003932
__ptext65                       text65       008198
__ptext66                       text66       00421E
__ptext67                       text67       006966
__ptext68                       text68       007642
__ptext69                       text69       00522C
__ptext7                        text7        006EF2
__ptext70                       text70       006228
__ptext71                       text71       0074E8
__ptext72                       text72       007F54
__ptext73                       text73       006FBC
__ptext74                       text74       008386
__ptext75                       text75       0080E0
__ptext76                       text76       007438
__ptext77                       text77       007212
__ptext78                       text78       007F98
__ptext79                       text79       005BA6
__ptext8                        text8        0020A0
__ptext80                       text80       007A12
__ptext81                       text81       00826A
__ptext82                       text82       008330
__ptext83                       text83       008120
__ptext84                       text84       00834C
__ptext85                       text85       008238
__ptext9                        text9        007FDC
__ramtop                        ramtop       001000
__smallconst                    smallconst   000000
_abs                            text26       00801E
_buff                           bssBANK3     000300
_cc                             bssBANK0     0000EB
_cmd                            bssBANK0     0000EE
_count                          bssBANK0     0000E7
_dbuf                           bssBANK3     000364
_delay_cycles                   text41       008060
_delay_ms                       text42       0081D0
_dtoa                           text21       005EF8
_dtoa$1840                      cstackBANK1  00011F
_efgtoa                         text8        0020A0
_efgtoa$1871                    cstackBANK1  000150
_flagre                         bssBANK0     0000E9
_flags                          bssBANK1     0001BD
_floorf                         text12       0055C6
_fputc                          text24       006E26
_fputs                          text23       007EC6
_highIsr                        intcode      000008
_hour                           bssBANK0     0000DB
_init_adc_no_lib                text43       008362
_labs                           text11       007A7E
_lcd                            (abs)        000F83
_lcd_gotoxy                     text37       00799C
_lcd_init                       text38       007924
_lcd_putc                       text36       00781E
_lcd_puts                       text35       008206
_lcd_send_byte                  text39       007B4C
_lcd_send_nibble                text40       0082C2
_main                           text0        00169E
_main$2248                      cstackBANK2  0002E4
_memcpy                         text10       007C50
_min                            bssBANK0     0000DF
_mood                           bssBANK2     0002F0
_pad                            text22       007388
_prec                           bssBANK1     0001BB
_putch                          text25       008384
_raw                            bssBANK0     0000D3
_read_adc_raw_no_lib            text31       007E34
_read_adc_voltage               text30       007792
_read_prec_or_width             text7        006EF2
_reloadTimer0                   text46       00837A
_sec                            bssBANK0     0000E3
_send_byte_no_lib               text82       008330
_send_string_no_lib             text81       00826A
_setcmd                         dataBIGRAM   0003B4
_setupPorts                     text29       00830E
_sprintf                        text1        007CF4
_stoa                           text5        005D5A
_strcmp                         text80       007A12
_strcpy                         text9        007FDC
_strlen                         text6        007BAA
_strncmp                        text4        006C68
_top                            bssBANK2     0002F2
_vfpfcnvrt                      text3        004648
_vfpfcnvrt$1913                 cstackBANK1  00017E
_vfprintf                       text2        007BFE
_voltage                        bssBANK0     0000D7
_voltage1                       bssBANK2     0002E8
_voltagef                       bssBANK2     0002EC
_width                          bssBANK1     0001B9
_x                              bssBANK0     0000ED
abs@a                           cstackBANK1  000106
btemp                           temp         00007E
delay_cycles@n                  cstackBANK1  000103
delay_cycles@x                  cstackBANK1  000104
delay_ms@n                      cstackBANK1  000100
delay_ms@x                      cstackBANK1  000102
dtoa@d                          cstackBANK1  00011D
dtoa@fp                         cstackBANK1  00011B
dtoa@i                          cstackBANK1  000125
dtoa@p                          cstackBANK1  000121
dtoa@s                          cstackBANK1  000127
dtoa@w                          cstackBANK1  000123
efgtoa@c                        cstackBANK1  000147
efgtoa@d                        cstackBANK1  000155
efgtoa@e                        cstackBANK1  000159
efgtoa@f                        cstackBANK1  000143
efgtoa@fp                       cstackBANK1  000141
efgtoa@g                        cstackBANK1  00016E
efgtoa@h                        cstackBANK1  000163
efgtoa@i                        cstackBANK1  000161
efgtoa@l                        cstackBANK1  000167
efgtoa@m                        cstackBANK1  000157
efgtoa@mode                     cstackBANK1  000153
efgtoa@n                        cstackBANK1  00016C
efgtoa@ne                       cstackBANK1  00014A
efgtoa@nmode                    cstackBANK1  000154
efgtoa@ou                       cstackBANK1  00015D
efgtoa@p                        cstackBANK1  00014C
efgtoa@pp                       cstackBANK1  000152
efgtoa@sign                     cstackBANK1  00016B
efgtoa@t                        cstackBANK1  00014E
efgtoa@u                        cstackBANK1  000172
efgtoa@w                        cstackBANK1  00015B
end_of_initialization           cinit        007916
floorf@F526                     bssBANK1     0001B1
floorf@e                        cstackBANK1  00013B
floorf@m                        cstackBANK1  000137
floorf@u                        cstackBANK1  00013D
floorf@x                        cstackBANK1  00012D
fputc@c                         cstackBANK1  000100
fputc@fp                        cstackBANK1  000102
fputs@c                         cstackBANK1  00010D
fputs@fp                        cstackBANK1  00010B
fputs@i                         cstackBANK1  00010E
fputs@s                         cstackBANK1  000109
i2___awdiv                      text77       007212
i2___awdiv@counter              cstackCOMRAM 000005
i2___awdiv@dividend             cstackCOMRAM 000001
i2___awdiv@divisor              cstackCOMRAM 000003
i2___awdiv@quotient             cstackCOMRAM 000007
i2___awdiv@sign                 cstackCOMRAM 000006
i2___awmod                      text76       007438
i2___awmod@counter              cstackCOMRAM 000005
i2___awmod@dividend             cstackCOMRAM 000001
i2___awmod@divisor              cstackCOMRAM 000003
i2___awmod@sign                 cstackCOMRAM 000006
i2___fladd                      text64       003932
i2___fladd@a                    cstackCOMRAM 000005
i2___fladd@aexp                 cstackCOMRAM 00000E
i2___fladd@b                    cstackCOMRAM 000001
i2___fladd@bexp                 cstackCOMRAM 00000F
i2___fladd@grs                  cstackCOMRAM 000010
i2___fladd@signs                cstackCOMRAM 00000D
i2___fldiv                      text69       00522C
i2___fldiv@a                    cstackCOMRAM 00001E
i2___fldiv@aexp                 cstackCOMRAM 000032
i2___fldiv@b                    cstackCOMRAM 00001A
i2___fldiv@bexp                 cstackCOMRAM 000031
i2___fldiv@grs                  cstackCOMRAM 00002D
i2___fldiv@new_exp              cstackCOMRAM 00002B
i2___fldiv@rem                  cstackCOMRAM 000026
i2___fldiv@sign                 cstackCOMRAM 00002A
i2___fleq                       text68       007642
i2___fleq@ff1                   cstackCOMRAM 000001
i2___fleq@ff2                   cstackCOMRAM 000005
i2___flge                       text67       006966
i2___flge@ff1                   cstackCOMRAM 00001A
i2___flge@ff2                   cstackCOMRAM 00001E
i2___flmul                      text66       00421E
i2___flmul@a                    cstackCOMRAM 000005
i2___flmul@aexp                 cstackCOMRAM 000012
i2___flmul@b                    cstackCOMRAM 000001
i2___flmul@bexp                 cstackCOMRAM 000013
i2___flmul@grs                  cstackCOMRAM 00000E
i2___flmul@prod                 cstackCOMRAM 000014
i2___flmul@sign                 cstackCOMRAM 00000D
i2___flmul@temp                 cstackCOMRAM 000018
i2___flneg                      text65       008198
i2___flneg@f1                   cstackCOMRAM 000001
i2___flsub                      text63       007F0E
i2___flsub@a                    cstackCOMRAM 00001E
i2___flsub@b                    cstackCOMRAM 00001A
i2___fltol                      text62       006860
i2___fltol@exp1                 cstackCOMRAM 00000A
i2___fltol@f1                   cstackCOMRAM 000001
i2___fltol@sign1                cstackCOMRAM 000009
i2___fpclassifyf                text61       006B6A
i2___fpclassifyf@e              cstackCOMRAM 000009
i2___fpclassifyf@u              cstackCOMRAM 00000B
i2___fpclassifyf@x              cstackCOMRAM 000001
i2___wmul                       text55       0082E8
i2___wmul@multiplicand          cstackCOMRAM 000003
i2___wmul@multiplier            cstackCOMRAM 000001
i2___wmul@product               cstackCOMRAM 000005
i2___xxtofl                     text79       005BA6
i2___xxtofl@arg                 cstackCOMRAM 000012
i2___xxtofl@exp                 cstackCOMRAM 000011
i2___xxtofl@sign                cstackCOMRAM 000010
i2___xxtofl@val                 cstackCOMRAM 000008
i2_abs                          text75       0080E0
i2_delay_ms                     text85       008238
i2_dtoa                         text70       006228
i2_dtoa$1840                    cstackCOMRAM 000020
i2_efgtoa                       text56       002AA0
i2_efgtoa$1871                  cstackCOMRAM 000056
i2_floorf                       text60       0057DC
i2_fputc                        text73       006FBC
i2_fputs                        text72       007F54
i2_labs                         text59       007AE6
i2_memcpy                       text58       007DE4
i2_pad                          text71       0074E8
i2_putch                        text74       008386
i2_read_adc_raw_no_lib          text78       007F98
i2_read_prec_or_width           text54       00714C
i2_sprintf                      text48       007D44
i2_stoa                         text52       006092
i2_strcpy                       text57       0080A0
i2_strlen                       text53       007D94
i2_strncmp                      text51       006D48
i2_vfpfcnvrt                    text50       004A6E
i2_vfpfcnvrt$1913               cstackBANK0  000086
i2_vfprintf                     text49       007CA2
i2abs@a                         cstackCOMRAM 000007
i2delay_ms@n                    cstackCOMRAM 000001
i2delay_ms@x                    cstackCOMRAM 000003
i2dtoa@d                        cstackCOMRAM 00001E
i2dtoa@fp                       cstackCOMRAM 00001C
i2dtoa@i                        cstackCOMRAM 000026
i2dtoa@p                        cstackCOMRAM 000022
i2dtoa@s                        cstackCOMRAM 000028
i2dtoa@w                        cstackCOMRAM 000024
i2efgtoa@c                      cstackCOMRAM 00004D
i2efgtoa@d                      cstackCOMRAM 00005B
i2efgtoa@e                      cstackCOMRAM 00005F
i2efgtoa@f                      cstackCOMRAM 000049
i2efgtoa@fp                     cstackCOMRAM 000047
i2efgtoa@g                      cstackCOMRAM 000074
i2efgtoa@h                      cstackCOMRAM 000069
i2efgtoa@i                      cstackCOMRAM 000067
i2efgtoa@l                      cstackCOMRAM 00006D
i2efgtoa@m                      cstackCOMRAM 00005D
i2efgtoa@mode                   cstackCOMRAM 000059
i2efgtoa@n                      cstackCOMRAM 000072
i2efgtoa@ne                     cstackCOMRAM 000050
i2efgtoa@nmode                  cstackCOMRAM 00005A
i2efgtoa@ou                     cstackCOMRAM 000063
i2efgtoa@p                      cstackCOMRAM 000052
i2efgtoa@pp                     cstackCOMRAM 000058
i2efgtoa@sign                   cstackCOMRAM 000071
i2efgtoa@t                      cstackCOMRAM 000054
i2efgtoa@u                      cstackCOMRAM 000078
i2efgtoa@w                      cstackCOMRAM 000061
i2floorf@e                      cstackCOMRAM 000041
i2floorf@m                      cstackCOMRAM 00003D
i2floorf@u                      cstackCOMRAM 000043
i2floorf@x                      cstackCOMRAM 000033
i2fputc@c                       cstackCOMRAM 000001
i2fputc@fp                      cstackCOMRAM 000003
i2fputs@c                       cstackCOMRAM 00000E
i2fputs@fp                      cstackCOMRAM 00000C
i2fputs@i                       cstackCOMRAM 00000F
i2fputs@s                       cstackCOMRAM 00000A
i2labs@a                        cstackCOMRAM 000001
i2memcpy@d                      cstackCOMRAM 000007
i2memcpy@d1                     cstackCOMRAM 000001
i2memcpy@n                      cstackCOMRAM 000005
i2memcpy@s                      cstackCOMRAM 000009
i2memcpy@s1                     cstackCOMRAM 000003
i2memcpy@tmp                    cstackCOMRAM 00000B
i2pad@buf                       cstackCOMRAM 000013
i2pad@fp                        cstackCOMRAM 000011
i2pad@i                         cstackCOMRAM 000018
i2pad@p                         cstackCOMRAM 000015
i2pad@w                         cstackCOMRAM 00001A
i2read_adc_raw_no_lib@channel   cstackCOMRAM 000007
i2read_adc_raw_no_lib@raw_value cstackCOMRAM 000005
i2read_prec_or_width@ap         cstackCOMRAM 000009
i2read_prec_or_width@c          cstackCOMRAM 00000D
i2read_prec_or_width@fmt        cstackCOMRAM 000007
i2read_prec_or_width@n          cstackCOMRAM 00000E
i2sprintf@ap                    cstackBANK0  0000AB
i2sprintf@f                     cstackBANK0  0000AD
i2sprintf@fmt                   cstackBANK0  000099
i2sprintf@s                     cstackBANK0  000097
i2stoa@cp                       cstackCOMRAM 00001A
i2stoa@fp                       cstackCOMRAM 00000A
i2stoa@i                        cstackCOMRAM 000016
i2stoa@l                        cstackCOMRAM 00001E
i2stoa@nuls                     cstackCOMRAM 00000F
i2stoa@p                        cstackCOMRAM 00001C
i2stoa@s                        cstackCOMRAM 00000C
i2stoa@w                        cstackCOMRAM 000018
i2strcpy@d                      cstackCOMRAM 000007
i2strcpy@dest                   cstackCOMRAM 000001
i2strcpy@s                      cstackCOMRAM 000005
i2strcpy@src                    cstackCOMRAM 000003
i2strlen@a                      cstackCOMRAM 000003
i2strlen@s                      cstackCOMRAM 000001
i2strncmp@_l                    cstackCOMRAM 000001
i2strncmp@_r                    cstackCOMRAM 000003
i2strncmp@l                     cstackCOMRAM 000008
i2strncmp@n                     cstackCOMRAM 000005
i2strncmp@r                     cstackCOMRAM 00000A
i2vfpfcnvrt@ap                  cstackBANK0  000084
i2vfpfcnvrt@c                   cstackBANK0  00008C
i2vfpfcnvrt@convarg             cstackBANK0  000088
i2vfpfcnvrt@cp                  cstackBANK0  00008D
i2vfpfcnvrt@fmt                 cstackBANK0  000082
i2vfpfcnvrt@fp                  cstackBANK0  000080
i2vfprintf@ap                   cstackBANK0  000093
i2vfprintf@cfmt                 cstackBANK0  000095
i2vfprintf@fmt                  cstackBANK0  000091
i2vfprintf@fp                   cstackBANK0  00008F
int$flags                       temp         00007E
int_func                        intcode_body 0076EC
intlevel0                       text         000000
intlevel1                       text         000000
intlevel2                       text         000000
intlevel3                       text         000000
isa$std                         (abs)        000001
isa$xinst                       (abs)        000000
labs@a                          cstackBANK1  000100
lcd_gotoxy@address              cstackBANK1  00010E
lcd_gotoxy@x                    cstackBANK1  00010D
lcd_gotoxy@y                    cstackBANK1  00010A
lcd_init@i                      cstackBANK1  00010A
lcd_putc@c                      cstackBANK1  000111
lcd_puts@s                      cstackBANK1  000112
lcd_send_byte@cm_data           cstackBANK1  000109
lcd_send_byte@n                 cstackBANK1  000108
lcd_send_nibble@n               cstackBANK1  000107
main@Buffer                     cstackBANK2  000200
main@Buffer1                    cstackBANK2  000220
main@Buffer2                    cstackBANK2  000240
main@Buffer3                    cstackBANK2  0002C0
main@Buffer4                    cstackBANK2  000260
main@Buffer5                    cstackBANK2  000280
main@Buffer6                    cstackBANK2  0002A0
main@Cool                       cstackBANK2  0002E0
main@Hot                        cstackBANK2  0002E2
memcpy@d                        cstackBANK1  000106
memcpy@d1                       cstackBANK1  000100
memcpy@n                        cstackBANK1  000104
memcpy@s                        cstackBANK1  000108
memcpy@s1                       cstackBANK1  000102
memcpy@tmp                      cstackBANK1  00010A
pad@buf                         cstackBANK1  000112
pad@fp                          cstackBANK1  000110
pad@i                           cstackBANK1  000117
pad@p                           cstackBANK1  000114
pad@w                           cstackBANK1  000119
read_adc_raw_no_lib@channel     cstackBANK1  000106
read_adc_raw_no_lib@raw_value   cstackBANK1  000104
read_adc_voltage@channel        cstackBANK1  000137
read_adc_voltage@raw_value      cstackBANK1  000135
read_adc_voltage@voltage        cstackBANK1  000131
read_prec_or_width@ap           cstackBANK1  000108
read_prec_or_width@c            cstackBANK1  00010C
read_prec_or_width@fmt          cstackBANK1  000106
read_prec_or_width@n            cstackBANK1  00010D
send_byte_no_lib@c              cstackCOMRAM 000001
send_string_no_lib@p            cstackCOMRAM 000002
sprintf@ap                      cstackBANK1  0001A3
sprintf@f                       cstackBANK1  0001A5
sprintf@fmt                     cstackBANK1  000191
sprintf@s                       cstackBANK1  00018F
stackhi                         (abs)        000000
stacklo                         (abs)        000000
start                           init         00000E
start_initialization            cinit        0078A2
stoa@F1179                      dataBANK1    0001BE
stoa@cp                         cstackBANK1  000119
stoa@fp                         cstackBANK1  000109
stoa@i                          cstackBANK1  000115
stoa@l                          cstackBANK1  00011D
stoa@nuls                       cstackBANK1  00010E
stoa@p                          cstackBANK1  00011B
stoa@s                          cstackBANK1  00010B
stoa@w                          cstackBANK1  000117
strcmp@l                        cstackCOMRAM 000007
strcmp@r                        cstackCOMRAM 000009
strcpy@d                        cstackBANK1  000106
strcpy@dest                     cstackBANK1  000100
strcpy@s                        cstackBANK1  000104
strcpy@src                      cstackBANK1  000102
strlen@a                        cstackBANK1  000102
strlen@s                        cstackBANK1  000100
strncmp@_l                      cstackBANK1  000100
strncmp@_r                      cstackBANK1  000102
strncmp@l                       cstackBANK1  000107
strncmp@n                       cstackBANK1  000104
strncmp@r                       cstackBANK1  000109
ttemp5                          temp         00007F
ttemp6                          temp         000082
ttemp7                          temp         000086
vfpfcnvrt@ap                    cstackBANK1  00017A
vfpfcnvrt@c                     cstackBANK1  000184
vfpfcnvrt@convarg               cstackBANK1  000180
vfpfcnvrt@cp                    cstackBANK1  000185
vfpfcnvrt@fmt                   cstackBANK1  000178
vfpfcnvrt@fp                    cstackBANK1  000176
vfprintf@ap                     cstackBANK1  00018B
vfprintf@cfmt                   cstackBANK1  00018D
vfprintf@fmt                    cstackBANK1  000189
vfprintf@fp                     cstackBANK1  000187
wtemp8                          temp         00007F


MODULE INFORMATION

Module		Function		Class		Link	Load	Size
C:\Program Files\Microchip\xc8\v2.41\pic\sources\c99\common\__fpclassifyf.c
		___fpclassifyf 		CODE           	6A6A	0000	256

C:\Program Files\Microchip\xc8\v2.41\pic\sources\c99\common\__fpclassifyf.c estimated size: 256

C:\Program Files\Microchip\xc8\v2.41\pic\sources\c99\common\awmod.c
		___awmod       		CODE           	72D6	0000	178

C:\Program Files\Microchip\xc8\v2.41\pic\sources\c99\common\awmod.c estimated size: 178

C:\Program Files\Microchip\xc8\v2.41\pic\sources\c99\common\floorf.c
		_floorf        		CODE           	55C6	0000	534

C:\Program Files\Microchip\xc8\v2.41\pic\sources\c99\common\floorf.c estimated size: 534

C:\Program Files\Microchip\xc8\v2.41\pic\sources\c99\common\flge.c
		___flge        		CODE           	675A	0000	262

C:\Program Files\Microchip\xc8\v2.41\pic\sources\c99\common\flge.c estimated size: 262

C:\Program Files\Microchip\xc8\v2.41\pic\sources\c99\common\fltol.c
		___fltol       		CODE           	6652	0000	264

C:\Program Files\Microchip\xc8\v2.41\pic\sources\c99\common\fltol.c estimated size: 264

C:\Program Files\Microchip\xc8\v2.41\pic\sources\c99\common\xxtofl.c
		___xxtofl      		CODE           	59EE	0000	440

C:\Program Files\Microchip\xc8\v2.41\pic\sources\c99\common\xxtofl.c estimated size: 440

my_ser.c
		_send_byte_no_lib		CODE           	8330	0000	28
		_send_string_no_lib		CODE           	826A	0000	48

my_ser.c estimated size: 76

C:\Program Files\Microchip\xc8\v2.41\pic\sources\c99\common\strlen.c
		_strlen        		CODE           	7BAA	0000	84

C:\Program Files\Microchip\xc8\v2.41\pic\sources\c99\common\strlen.c estimated size: 84

C:\Program Files\Microchip\xc8\v2.41\pic\sources\c99\common\nf_fputc.c
		_fputc         		CODE           	6E26	0000	204

C:\Program Files\Microchip\xc8\v2.41\pic\sources\c99\common\nf_fputc.c estimated size: 204

C:\Program Files\Microchip\xc8\v2.41\pic\sources\c99\common\strcmp.c
		_strcmp        		CODE           	7A12	0000	108

C:\Program Files\Microchip\xc8\v2.41\pic\sources\c99\common\strcmp.c estimated size: 108

C:\Program Files\Microchip\xc8\v2.41\pic\sources\c99\common\strcpy.c
		_strcpy        		CODE           	7FDC	0000	66

C:\Program Files\Microchip\xc8\v2.41\pic\sources\c99\common\strcpy.c estimated size: 66

C:\Program Files\Microchip\xc8\v2.41\pic\sources\c99\common\nf_sprintf.c
		_sprintf       		CODE           	7CF4	0000	80

C:\Program Files\Microchip\xc8\v2.41\pic\sources\c99\common\nf_sprintf.c estimated size: 80

my_adc.c
		_read_adc_raw_no_lib		CODE           	7E34	0000	74
		_read_adc_voltage		CODE           	7792	0000	140

my_adc.c estimated size: 214

C:\Program Files\Microchip\xc8\v2.41\pic\sources\c99\common\sprcadd.c
		___flsub       		CODE           	7E7E	0000	72
		___fladd       		CODE           	3470	0000	1218

C:\Program Files\Microchip\xc8\v2.41\pic\sources\c99\common\sprcadd.c estimated size: 1290

C:\Program Files\Microchip\xc8\v2.41\pic\sources\c99\common\awdiv.c
		___awdiv       		CODE           	7086	0000	198

C:\Program Files\Microchip\xc8\v2.41\pic\sources\c99\common\awdiv.c estimated size: 198

C:\Program Files\Microchip\xc8\v2.41\pic\sources\c99\common\abs.c
		_abs           		CODE           	801E	0000	66

C:\Program Files\Microchip\xc8\v2.41\pic\sources\c99\common\abs.c estimated size: 66

C:\Program Files\Microchip\xc8\v2.41\pic\sources\c99\common\doprnt.c
		_read_prec_or_width		CODE           	6EF2	0000	202
		_vfpfcnvrt     		CODE           	4648	0000	1062
		_efgtoa        		CODE           	20A0	0000	2560
		_pad           		CODE           	7388	0000	176
		_dtoa          		CODE           	5EF8	0000	410
		_vfprintf      		CODE           	7BFE	0000	82
		_stoa          		CODE           	5D5A	0000	414

C:\Program Files\Microchip\xc8\v2.41\pic\sources\c99\common\doprnt.c estimated size: 4906

C:\Program Files\Microchip\xc8\v2.41\pic\sources\c99\common\flneg.c
		___flneg       		CODE           	815E	0000	58

C:\Program Files\Microchip\xc8\v2.41\pic\sources\c99\common\flneg.c estimated size: 58

C:\Program Files\Microchip\xc8\v2.41\pic\sources\c99\common\fleq.c
		___fleq        		CODE           	7596	0000	172

C:\Program Files\Microchip\xc8\v2.41\pic\sources\c99\common\fleq.c estimated size: 172

shared
		i2_vfpfcnvrt   		CODE           	4A6E	0000	1058
		i2_pad         		CODE           	74E8	0000	174
		i2_abs         		CODE           	80E0	0000	64
		i2_stoa        		CODE           	6092	0000	406
		i2_floorf      		CODE           	57DC	0000	530
		i2_labs        		CODE           	7AE6	0000	102
		i2_read_prec_or_width		CODE           	714C	0000	198
		i2_putch       		CODE           	8386	0000	2
		i2___fleq      		CODE           	7642	0000	170
		i2_strncmp     		CODE           	6D48	0000	222
		i2_vfprintf    		CODE           	7CA2	0000	82
		_setup0        		MEDIUMCONST    	0000	0000	0
		i2___flneg     		CODE           	8198	0000	56
		i2_strcpy      		CODE           	80A0	0000	64
		i2___awdiv     		CODE           	7212	0000	196
		i2___fladd     		CODE           	3932	0000	1216
		i2___wmul      		CODE           	82E8	0000	38
		i2_dtoa        		CODE           	6228	0000	406
		i2___fldiv     		CODE           	522C	0000	922
		i2___fltol     		CODE           	6860	0000	262
		__initialization		CODE           	78A2	0000	116
		i2___flge      		CODE           	6966	0000	260
		i2___awmod     		CODE           	7438	0000	176
		i2_read_adc_raw_no_lib		CODE           	7F98	0000	68
		i2___flmul     		CODE           	421E	0000	1066
		i2_sprintf     		CODE           	7D44	0000	80
		i2___xxtofl    		CODE           	5BA6	0000	436
		i2___fpclassifyf		CODE           	6B6A	0000	254
		i2___flsub     		CODE           	7F0E	0000	70
		i2_efgtoa      		CODE           	2AA0	0000	2512
		i2_fputc       		CODE           	6FBC	0000	202
		i2_fputs       		CODE           	7F54	0000	68
		i2_strlen      		CODE           	7D94	0000	80
		i2_delay_ms    		CODE           	8238	0000	50
		i2_memcpy      		CODE           	7DE4	0000	80

shared estimated size: 11686

C:\Program Files\Microchip\xc8\v2.41\pic\sources\c99\common\memcpy.c
		_memcpy        		CODE           	7C50	0000	82

C:\Program Files\Microchip\xc8\v2.41\pic\sources\c99\common\memcpy.c estimated size: 82

C:\Program Files\Microchip\xc8\v2.41\pic\sources\c99\common\Umul16.c
		___wmul        		CODE           	829A	0000	40

C:\Program Files\Microchip\xc8\v2.41\pic\sources\c99\common\Umul16.c estimated size: 40

C:\Program Files\Microchip\xc8\v2.41\pic\sources\c99\common\putch.c
		_putch         		CODE           	8384	0000	2

C:\Program Files\Microchip\xc8\v2.41\pic\sources\c99\common\putch.c estimated size: 2

C:\Program Files\Microchip\xc8\v2.41\pic\sources\c99\common\nf_fputs.c
		_fputs         		CODE           	7EC6	0000	72

C:\Program Files\Microchip\xc8\v2.41\pic\sources\c99\common\nf_fputs.c estimated size: 72

lcd_x8.c
		_lcd_putc      		CODE           	781E	0000	132
		_lcd_puts      		CODE           	8206	0000	50
		_lcd_send_byte 		CODE           	7B4C	0000	94
		_lcd_gotoxy    		CODE           	799C	0000	118
		_lcd_send_nibble		CODE           	82C2	0000	38
		_lcd_init      		CODE           	7924	0000	120
		_delay_cycles  		CODE           	8060	0000	64

lcd_x8.c estimated size: 616

C:\Program Files\Microchip\xc8\v2.41\pic\sources\c99\common\labs.c
		_labs          		CODE           	7A7E	0000	104

C:\Program Files\Microchip\xc8\v2.41\pic\sources\c99\common\labs.c estimated size: 104

main.c
		_Timer0_isr    		CODE           	63BE	0000	390
		_init_adc_no_lib		CODE           	8362	0000	12
		_main          		CODE           	169E	0000	2562
		_highIsr       		CODE           	0008	0000	172
		_reloadTimer0  		CODE           	837A	0000	10
		_setupPorts    		CODE           	830E	0000	34
		_EXT_Int1_isr  		CODE           	834C	0000	22
		_EXT_Int2_isr  		CODE           	8120	0000	62
		_delay_ms      		CODE           	81D0	0000	54
		_RX_isr        		CODE           	0012	0000	5772

main.c estimated size: 9090

C:\Program Files\Microchip\xc8\v2.41\pic\sources\c99\common\strncmp.c
		_strncmp       		CODE           	6C68	0000	224

C:\Program Files\Microchip\xc8\v2.41\pic\sources\c99\common\strncmp.c estimated size: 224

C:\Program Files\Microchip\xc8\v2.41\pic\sources\c99\common\sprcmul.c
		___flmul       		CODE           	3DF2	0000	1068

C:\Program Files\Microchip\xc8\v2.41\pic\sources\c99\common\sprcmul.c estimated size: 1068

C:\Program Files\Microchip\xc8\v2.41\pic\sources\c99\common\sprcdiv.c
		___fldiv       		CODE           	4E90	0000	924

C:\Program Files\Microchip\xc8\v2.41\pic\sources\c99\common\sprcdiv.c estimated size: 924

